node_modules/permissionless/actions/pimlico/estimateErc20PaymasterCost.ts(61,40): error TS2339: Property 'chain' does not exist on type 'never'.
  The intersection 'Client<Transport, TChain, Account, PimlicoRpcSchema<entryPointVersion>>' was reduced to 'never' because property 'cacheTime' has conflicting types in some constituents.
node_modules/permissionless/actions/pimlico/estimateErc20PaymasterCost.ts(96,66): error TS2737: BigInt literals are not available when targeting lower than ES2020.
node_modules/permissionless/actions/pimlico/estimateErc20PaymasterCost.ts(96,66): error TS2791: Exponentiation cannot be performed on 'bigint' values unless the 'target' option is set to 'es2016' or later.
node_modules/permissionless/actions/pimlico/estimateErc20PaymasterCost.ts(96,73): error TS2737: BigInt literals are not available when targeting lower than ES2020.
node_modules/permissionless/actions/pimlico/getTokenQuotes.ts(50,46): error TS2339: Property 'chain' does not exist on type 'never'.
  The intersection 'Client<TTransport, TChain, Account, PimlicoRpcSchema>' was reduced to 'never' because property 'cacheTime' has conflicting types in some constituents.
node_modules/permissionless/actions/pimlico/getTokenQuotes.ts(56,30): error TS2339: Property 'request' does not exist on type 'never'.
  The intersection 'Client<TTransport, TChain, Account, PimlicoRpcSchema>' was reduced to 'never' because property 'cacheTime' has conflicting types in some constituents.
node_modules/permissionless/actions/pimlico/getUserOperationGasPrice.ts(48,35): error TS2339: Property 'request' does not exist on type 'never'.
  The intersection 'Client<Transport, Chain, Account, PimlicoRpcSchema>' was reduced to 'never' because property 'cacheTime' has conflicting types in some constituents.
node_modules/permissionless/actions/pimlico/getUserOperationStatus.ts(45,19): error TS2339: Property 'request' does not exist on type 'never'.
  The intersection 'Client<Transport, Chain, Account, PimlicoRpcSchema>' was reduced to 'never' because property 'cacheTime' has conflicting types in some constituents.
node_modules/permissionless/actions/pimlico/sendCompressedUserOperation.ts(55,19): error TS2339: Property 'request' does not exist on type 'never'.
  The intersection 'Client<Transport, Chain, Account, PimlicoRpcSchema>' was reduced to 'never' because property 'cacheTime' has conflicting types in some constituents.
node_modules/permissionless/actions/pimlico/sponsorUserOperation.ts(95,19): error TS2698: Spread types may only be created from object types.
node_modules/permissionless/actions/pimlico/sponsorUserOperation.ts(99,35): error TS2339: Property 'request' does not exist on type 'never'.
  The intersection 'Client<Transport, Chain, Account, PimlicoRpcSchema<entryPointVersion>>' was reduced to 'never' because property 'cacheTime' has conflicting types in some constituents.
node_modules/permissionless/actions/pimlico/validateSponsorshipPolicies.ts(66,25): error TS2339: Property 'request' does not exist on type 'never'.
  The intersection 'Client<Transport, Chain, Account, PimlicoRpcSchema>' was reduced to 'never' because property 'cacheTime' has conflicting types in some constituents.
node_modules/permissionless/clients/pimlico.ts(80,41): error TS2344: Type 'undefined' does not satisfy the constraint 'never'.
  The intersection 'Client' was reduced to 'never' because property 'cacheTime' has conflicting types in some constituents.
node_modules/permissionless/clients/pimlico.ts(114,10): error TS2339: Property 'extend' does not exist on type 'never'.
node_modules/permissionless/utils/getRequiredPrefund.ts(51,60): error TS2737: BigInt literals are not available when targeting lower than ES2020.
node_modules/permissionless/utils/getRequiredPrefund.ts(52,54): error TS2737: BigInt literals are not available when targeting lower than ES2020.
node_modules/viem/_types/account-abstraction/clients/createBundlerClient.d.ts(68,209): error TS2344: Type 'undefined' does not satisfy the constraint 'never'.
  The intersection 'Client' was reduced to 'never' because property 'cacheTime' has conflicting types in some constituents.
node_modules/viem/_types/chains/definitions/tempo.d.ts(223,37): error TS2307: Cannot find module 'ox/tempo/TempoAddress' or its corresponding type declarations.
node_modules/viem/_types/chains/definitions/tempo.d.ts(228,33): error TS2707: Generic type 'Call' requires between 0 and 1 type arguments.
node_modules/viem/_types/chains/definitions/tempo.d.ts(232,36): error TS2707: Generic type 'Signed' requires between 0 and 2 type arguments.
node_modules/viem/_types/chains/definitions/tempo.d.ts(440,36): error TS2707: Generic type 'Signed' requires between 0 and 2 type arguments.
node_modules/viem/_types/chains/definitions/tempo.d.ts(441,34): error TS2707: Generic type 'Call' requires between 0 and 1 type arguments.
node_modules/viem/_types/chains/definitions/tempo.d.ts(443,44): error TS2307: Cannot find module 'ox/tempo/TempoAddress' or its corresponding type declarations.
node_modules/viem/_types/chains/definitions/tempo.d.ts(674,41): error TS2307: Cannot find module 'ox/tempo/TempoAddress' or its corresponding type declarations.
node_modules/viem/_types/chains/definitions/tempo.d.ts(892,100): error TS2307: Cannot find module 'ox/tempo/TempoAddress' or its corresponding type declarations.
node_modules/viem/_types/chains/definitions/tempo.d.ts(894,48): error TS2307: Cannot find module 'ox/tempo/TempoAddress' or its corresponding type declarations.
node_modules/viem/_types/chains/definitions/tempoAndantino.d.ts(223,37): error TS2307: Cannot find module 'ox/tempo/TempoAddress' or its corresponding type declarations.
node_modules/viem/_types/chains/definitions/tempoAndantino.d.ts(228,33): error TS2707: Generic type 'Call' requires between 0 and 1 type arguments.
node_modules/viem/_types/chains/definitions/tempoAndantino.d.ts(232,36): error TS2707: Generic type 'Signed' requires between 0 and 2 type arguments.
node_modules/viem/_types/chains/definitions/tempoAndantino.d.ts(440,36): error TS2707: Generic type 'Signed' requires between 0 and 2 type arguments.
node_modules/viem/_types/chains/definitions/tempoAndantino.d.ts(441,34): error TS2707: Generic type 'Call' requires between 0 and 1 type arguments.
node_modules/viem/_types/chains/definitions/tempoAndantino.d.ts(443,44): error TS2307: Cannot find module 'ox/tempo/TempoAddress' or its corresponding type declarations.
node_modules/viem/_types/chains/definitions/tempoAndantino.d.ts(674,41): error TS2307: Cannot find module 'ox/tempo/TempoAddress' or its corresponding type declarations.
node_modules/viem/_types/chains/definitions/tempoAndantino.d.ts(892,100): error TS2307: Cannot find module 'ox/tempo/TempoAddress' or its corresponding type declarations.
node_modules/viem/_types/chains/definitions/tempoAndantino.d.ts(894,48): error TS2307: Cannot find module 'ox/tempo/TempoAddress' or its corresponding type declarations.
node_modules/viem/_types/chains/definitions/tempoDevnet.d.ts(223,37): error TS2307: Cannot find module 'ox/tempo/TempoAddress' or its corresponding type declarations.
node_modules/viem/_types/chains/definitions/tempoDevnet.d.ts(228,33): error TS2707: Generic type 'Call' requires between 0 and 1 type arguments.
node_modules/viem/_types/chains/definitions/tempoDevnet.d.ts(232,36): error TS2707: Generic type 'Signed' requires between 0 and 2 type arguments.
node_modules/viem/_types/chains/definitions/tempoDevnet.d.ts(440,36): error TS2707: Generic type 'Signed' requires between 0 and 2 type arguments.
node_modules/viem/_types/chains/definitions/tempoDevnet.d.ts(441,34): error TS2707: Generic type 'Call' requires between 0 and 1 type arguments.
node_modules/viem/_types/chains/definitions/tempoDevnet.d.ts(443,44): error TS2307: Cannot find module 'ox/tempo/TempoAddress' or its corresponding type declarations.
node_modules/viem/_types/chains/definitions/tempoDevnet.d.ts(674,41): error TS2307: Cannot find module 'ox/tempo/TempoAddress' or its corresponding type declarations.
node_modules/viem/_types/chains/definitions/tempoDevnet.d.ts(892,100): error TS2307: Cannot find module 'ox/tempo/TempoAddress' or its corresponding type declarations.
node_modules/viem/_types/chains/definitions/tempoDevnet.d.ts(894,48): error TS2307: Cannot find module 'ox/tempo/TempoAddress' or its corresponding type declarations.
node_modules/viem/_types/chains/definitions/tempoLocalnet.d.ts(228,37): error TS2307: Cannot find module 'ox/tempo/TempoAddress' or its corresponding type declarations.
node_modules/viem/_types/chains/definitions/tempoLocalnet.d.ts(233,33): error TS2707: Generic type 'Call' requires between 0 and 1 type arguments.
node_modules/viem/_types/chains/definitions/tempoLocalnet.d.ts(237,36): error TS2707: Generic type 'Signed' requires between 0 and 2 type arguments.
node_modules/viem/_types/chains/definitions/tempoLocalnet.d.ts(445,36): error TS2707: Generic type 'Signed' requires between 0 and 2 type arguments.
node_modules/viem/_types/chains/definitions/tempoLocalnet.d.ts(446,34): error TS2707: Generic type 'Call' requires between 0 and 1 type arguments.
node_modules/viem/_types/chains/definitions/tempoLocalnet.d.ts(448,44): error TS2307: Cannot find module 'ox/tempo/TempoAddress' or its corresponding type declarations.
node_modules/viem/_types/chains/definitions/tempoLocalnet.d.ts(672,41): error TS2307: Cannot find module 'ox/tempo/TempoAddress' or its corresponding type declarations.
node_modules/viem/_types/chains/definitions/tempoLocalnet.d.ts(890,100): error TS2307: Cannot find module 'ox/tempo/TempoAddress' or its corresponding type declarations.
node_modules/viem/_types/chains/definitions/tempoLocalnet.d.ts(892,48): error TS2307: Cannot find module 'ox/tempo/TempoAddress' or its corresponding type declarations.
node_modules/viem/_types/chains/definitions/tempoModerato.d.ts(223,37): error TS2307: Cannot find module 'ox/tempo/TempoAddress' or its corresponding type declarations.
node_modules/viem/_types/chains/definitions/tempoModerato.d.ts(228,33): error TS2707: Generic type 'Call' requires between 0 and 1 type arguments.
node_modules/viem/_types/chains/definitions/tempoModerato.d.ts(232,36): error TS2707: Generic type 'Signed' requires between 0 and 2 type arguments.
node_modules/viem/_types/chains/definitions/tempoModerato.d.ts(440,36): error TS2707: Generic type 'Signed' requires between 0 and 2 type arguments.
node_modules/viem/_types/chains/definitions/tempoModerato.d.ts(441,34): error TS2707: Generic type 'Call' requires between 0 and 1 type arguments.
node_modules/viem/_types/chains/definitions/tempoModerato.d.ts(443,44): error TS2307: Cannot find module 'ox/tempo/TempoAddress' or its corresponding type declarations.
node_modules/viem/_types/chains/definitions/tempoModerato.d.ts(674,41): error TS2307: Cannot find module 'ox/tempo/TempoAddress' or its corresponding type declarations.
node_modules/viem/_types/chains/definitions/tempoModerato.d.ts(892,100): error TS2307: Cannot find module 'ox/tempo/TempoAddress' or its corresponding type declarations.
node_modules/viem/_types/chains/definitions/tempoModerato.d.ts(894,48): error TS2307: Cannot find module 'ox/tempo/TempoAddress' or its corresponding type declarations.
node_modules/viem/_types/tempo/Transaction.d.ts(3,132): error TS2305: Module '"ox/tempo"' has no exported member 'TempoAddress'.
node_modules/viem/_types/tempo/Transaction.d.ts(41,22): error TS2707: Generic type 'Call' requires between 0 and 1 type arguments.
node_modules/viem/_types/utils/abi/parseEventLogs.d.ts(22,308): error TS2344: Type 'eventName extends ContractEventName<abi>[] ? eventName[number] : eventName' does not satisfy the constraint 'ContractEventName<abi>'.
  Type 'eventName | eventName[number]' is not assignable to type 'ContractEventName<abi>'.
    Type 'eventName' is not assignable to type 'ContractEventName<abi>'.
      Type 'ContractEventName<abi> | ContractEventName<abi>[]' is not assignable to type 'ContractEventName<abi>'.
        Type 'ContractEventName<abi>[]' is not assignable to type 'ContractEventName<abi>'.
node_modules/viem/node_modules/ox/core/Base64.ts(81,28): error TS2550: Property 'replaceAll' does not exist on type 'string'. Do you need to change your target library? Try changing the 'lib' compiler option to 'es2021' or later.
node_modules/viem/node_modules/ox/core/Errors.ts(27,12): error TS4113: This member cannot have an 'override' modifier because it is not declared in the base class 'Error'.
node_modules/viem/node_modules/ox/core/Errors.ts(89,20): error TS2554: Expected 0-1 arguments, but got 2.
node_modules/viem/node_modules/ox/core/Hex.ts(239,29): error TS2737: BigInt literals are not available when targeting lower than ES2020.
node_modules/viem/node_modules/ox/core/Hex.ts(239,51): error TS2737: BigInt literals are not available when targeting lower than ES2020.
node_modules/viem/node_modules/ox/core/Hex.ts(239,56): error TS2737: BigInt literals are not available when targeting lower than ES2020.
node_modules/viem/node_modules/ox/core/Hex.ts(239,63): error TS2737: BigInt literals are not available when targeting lower than ES2020.
node_modules/viem/node_modules/ox/core/Hex.ts(240,21): error TS2737: BigInt literals are not available when targeting lower than ES2020.
node_modules/viem/node_modules/ox/core/Hex.ts(240,21): error TS2791: Exponentiation cannot be performed on 'bigint' values unless the 'target' option is set to 'es2016' or later.
node_modules/viem/node_modules/ox/core/Hex.ts(240,43): error TS2737: BigInt literals are not available when targeting lower than ES2020.
node_modules/viem/node_modules/ox/core/Hex.ts(240,49): error TS2737: BigInt literals are not available when targeting lower than ES2020.
node_modules/viem/node_modules/ox/core/Hex.ts(245,73): error TS2737: BigInt literals are not available when targeting lower than ES2020.
node_modules/viem/node_modules/ox/core/Hex.ts(563,25): error TS2737: BigInt literals are not available when targeting lower than ES2020.
node_modules/viem/node_modules/ox/core/Hex.ts(563,47): error TS2737: BigInt literals are not available when targeting lower than ES2020.
node_modules/viem/node_modules/ox/core/Hex.ts(563,54): error TS2737: BigInt literals are not available when targeting lower than ES2020.
node_modules/viem/node_modules/ox/core/Hex.ts(564,38): error TS2737: BigInt literals are not available when targeting lower than ES2020.
node_modules/viem/node_modules/ox/core/Hex.ts(567,33): error TS2737: BigInt literals are not available when targeting lower than ES2020.
node_modules/viem/node_modules/ox/core/internal/abiParameters.ts(451,24): error TS2345: Argument of type 'string | number | bigint | boolean | readonly (readonly (readonly (readonly (readonly (readonly (readonly (readonly (readonly (readonly (readonly ...[])[])[])[])[])[])[])[])[])[])[] | readonly (readonly (readonly (readonly (readonly (readonly (readonly (readonly (readonly (readonly (readonly ...[])[])[])[])[])[])[])...' is not assignable to parameter of type 'readonly (readonly (readonly (readonly (readonly (readonly (readonly (readonly (readonly (readonly (readonly ...[])[])[])[])[])[])[])[])[])[])[] | readonly (readonly (readonly (readonly (readonly (readonly (readonly (readonly (readonly (readonly (readonly ...[])[])[])[])[])[])[])[])[])[])[]'.
  Type 'string' is not assignable to type 'readonly (readonly (readonly (readonly (readonly (readonly (readonly (readonly (readonly (readonly (readonly ...[])[])[])[])[])[])[])[])[])[])[] | readonly (readonly (readonly (readonly (readonly (readonly (readonly (readonly (readonly (readonly (readonly ...[])[])[])[])[])[])[])[])[])[])[]'.
node_modules/viem/node_modules/ox/core/internal/abiParameters.ts(688,17): error TS2737: BigInt literals are not available when targeting lower than ES2020.
node_modules/viem/node_modules/ox/core/internal/abiParameters.ts(688,17): error TS2791: Exponentiation cannot be performed on 'bigint' values unless the 'target' option is set to 'es2016' or later.
node_modules/viem/node_modules/ox/core/internal/abiParameters.ts(688,49): error TS2737: BigInt literals are not available when targeting lower than ES2020.
node_modules/viem/node_modules/ox/core/internal/abiParameters.ts(688,54): error TS2737: BigInt literals are not available when targeting lower than ES2020.
node_modules/viem/node_modules/ox/core/internal/abiParameters.ts(688,61): error TS2737: BigInt literals are not available when targeting lower than ES2020.
node_modules/viem/node_modules/ox/core/internal/abiParameters.ts(689,33): error TS2737: BigInt literals are not available when targeting lower than ES2020.
node_modules/viem/node_modules/ox/core/internal/abiParameters.ts(689,38): error TS2737: BigInt literals are not available when targeting lower than ES2020.
node_modules/viem/node_modules/ox/core/internal/abiParameters.ts(762,7): error TS2322: Type 'readonly unknown[]' is not assignable to type 'readonly (readonly (readonly (readonly (readonly (readonly (readonly (readonly (readonly (readonly (readonly ...[])[])[])[])[])[])[])[])[])[])[] | readonly (readonly (readonly (readonly (readonly (readonly (readonly (readonly (readonly (readonly (readonly ...[])[])[])[])[])[])[])[])[])[])[]'.
  Type 'readonly unknown[]' is not assignable to type 'readonly (readonly (readonly (readonly (readonly (readonly (readonly (readonly (readonly (readonly (readonly (readonly ...[])[])[])[])[])[])[])[])[])[])[])[]'.
    Type '{}' is missing the following properties from type 'readonly (readonly (readonly (readonly (readonly (readonly (readonly (readonly (readonly (readonly (readonly (readonly ...[])[])[])[])[])[])[])[])[])[])[])[]': length, concat, join, slice, and 20 more.
node_modules/viem/node_modules/ox/core/internal/webauthn.ts(171,27): error TS2737: BigInt literals are not available when targeting lower than ES2020.
node_modules/viem/node_modules/ox/core/internal/webauthn.ts(230,12): error TS2802: Type 'Uint8Array<ArrayBuffer>' can only be iterated through when using the '--downlevelIteration' flag or with a '--target' of 'es2015' or higher.
node_modules/viem/node_modules/ox/core/internal/webauthn.ts(231,12): error TS2802: Type 'Uint8Array<ArrayBuffer>' can only be iterated through when using the '--downlevelIteration' flag or with a '--target' of 'es2015' or higher.
node_modules/viem/node_modules/ox/core/PublicKey.ts(117,17): error TS2737: BigInt literals are not available when targeting lower than ES2020.
node_modules/viem/node_modules/ox/core/PublicKey.ts(117,24): error TS2737: BigInt literals are not available when targeting lower than ES2020.
node_modules/viem/node_modules/ox/core/Secp256k1.ts(391,63): error TS2322: Type '{ r: bigint; s: bigint; yParity: number; } | { r: bigint; s: bigint; yParity?: number; }' is not assignable to type '{ r: bigint; s: bigint; yParity: number; }'.
  Type '{ r: bigint; s: bigint; yParity?: number; }' is not assignable to type '{ r: bigint; s: bigint; yParity: number; }'.
    Property 'yParity' is optional in type '{ r: bigint; s: bigint; yParity?: number; }' but required in type '{ r: bigint; s: bigint; yParity: number; }'.
node_modules/viem/node_modules/ox/core/Signature.ts(77,21): error TS2737: BigInt literals are not available when targeting lower than ES2020.
node_modules/viem/node_modules/ox/core/Signature.ts(79,21): error TS2737: BigInt literals are not available when targeting lower than ES2020.
node_modules/viem/node_modules/ox/core/Signature.ts(288,40): error TS2345: Argument of type '{ r: bigint; s: bigint; yParity: number; v?: undefined; } | { r: bigint; s: bigint; yParity?: number; v?: undefined; } | { r: bigint; s: bigint; v: number; yParity?: undefined; }' is not assignable to parameter of type 'Legacy<bigint, number>'.
  Type '{ r: bigint; s: bigint; yParity: number; v?: undefined; }' is not assignable to type 'Legacy<bigint, number>'.
    Property 'v' is optional in type '{ r: bigint; s: bigint; yParity: number; v?: undefined; }' but required in type 'Legacy<bigint, number>'.
node_modules/viem/node_modules/ox/core/Signature.ts(462,21): error TS2737: BigInt literals are not available when targeting lower than ES2020.
node_modules/viem/node_modules/ox/core/Signature.ts(463,21): error TS2737: BigInt literals are not available when targeting lower than ES2020.
node_modules/viem/node_modules/ox/core/Signature.ts(679,11): error TS2737: BigInt literals are not available when targeting lower than ES2020.
node_modules/viem/node_modules/ox/core/Signature.ts(680,11): error TS2737: BigInt literals are not available when targeting lower than ES2020.
node_modules/viem/node_modules/ox/core/Solidity.ts(12,24): error TS2737: BigInt literals are not available when targeting lower than ES2020.
node_modules/viem/node_modules/ox/core/Solidity.ts(12,24): error TS2791: Exponentiation cannot be performed on 'bigint' values unless the 'target' option is set to 'es2016' or later.
node_modules/viem/node_modules/ox/core/Solidity.ts(12,31): error TS2737: BigInt literals are not available when targeting lower than ES2020.
node_modules/viem/node_modules/ox/core/Solidity.ts(12,36): error TS2737: BigInt literals are not available when targeting lower than ES2020.
node_modules/viem/node_modules/ox/core/Solidity.ts(12,42): error TS2737: BigInt literals are not available when targeting lower than ES2020.
node_modules/viem/node_modules/ox/core/Solidity.ts(13,25): error TS2737: BigInt literals are not available when targeting lower than ES2020.
node_modules/viem/node_modules/ox/core/Solidity.ts(13,25): error TS2791: Exponentiation cannot be performed on 'bigint' values unless the 'target' option is set to 'es2016' or later.
node_modules/viem/node_modules/ox/core/Solidity.ts(13,32): error TS2737: BigInt literals are not available when targeting lower than ES2020.
node_modules/viem/node_modules/ox/core/Solidity.ts(13,38): error TS2737: BigInt literals are not available when targeting lower than ES2020.
node_modules/viem/node_modules/ox/core/Solidity.ts(13,44): error TS2737: BigInt literals are not available when targeting lower than ES2020.
node_modules/viem/node_modules/ox/core/Solidity.ts(14,25): error TS2737: BigInt literals are not available when targeting lower than ES2020.
node_modules/viem/node_modules/ox/core/Solidity.ts(14,25): error TS2791: Exponentiation cannot be performed on 'bigint' values unless the 'target' option is set to 'es2016' or later.
node_modules/viem/node_modules/ox/core/Solidity.ts(14,32): error TS2737: BigInt literals are not available when targeting lower than ES2020.
node_modules/viem/node_modules/ox/core/Solidity.ts(14,38): error TS2737: BigInt literals are not available when targeting lower than ES2020.
node_modules/viem/node_modules/ox/core/Solidity.ts(14,44): error TS2737: BigInt literals are not available when targeting lower than ES2020.
node_modules/viem/node_modules/ox/core/Solidity.ts(15,25): error TS2737: BigInt literals are not available when targeting lower than ES2020.
node_modules/viem/node_modules/ox/core/Solidity.ts(15,25): error TS2791: Exponentiation cannot be performed on 'bigint' values unless the 'target' option is set to 'es2016' or later.
node_modules/viem/node_modules/ox/core/Solidity.ts(15,32): error TS2737: BigInt literals are not available when targeting lower than ES2020.
node_modules/viem/node_modules/ox/core/Solidity.ts(15,38): error TS2737: BigInt literals are not available when targeting lower than ES2020.
node_modules/viem/node_modules/ox/core/Solidity.ts(15,44): error TS2737: BigInt literals are not available when targeting lower than ES2020.
node_modules/viem/node_modules/ox/core/Solidity.ts(16,25): error TS2737: BigInt literals are not available when targeting lower than ES2020.
node_modules/viem/node_modules/ox/core/Solidity.ts(16,25): error TS2791: Exponentiation cannot be performed on 'bigint' values unless the 'target' option is set to 'es2016' or later.
node_modules/viem/node_modules/ox/core/Solidity.ts(16,32): error TS2737: BigInt literals are not available when targeting lower than ES2020.
node_modules/viem/node_modules/ox/core/Solidity.ts(16,38): error TS2737: BigInt literals are not available when targeting lower than ES2020.
node_modules/viem/node_modules/ox/core/Solidity.ts(16,44): error TS2737: BigInt literals are not available when targeting lower than ES2020.
node_modules/viem/node_modules/ox/core/Solidity.ts(17,25): error TS2737: BigInt literals are not available when targeting lower than ES2020.
node_modules/viem/node_modules/ox/core/Solidity.ts(17,25): error TS2791: Exponentiation cannot be performed on 'bigint' values unless the 'target' option is set to 'es2016' or later.
node_modules/viem/node_modules/ox/core/Solidity.ts(17,32): error TS2737: BigInt literals are not available when targeting lower than ES2020.
node_modules/viem/node_modules/ox/core/Solidity.ts(17,38): error TS2737: BigInt literals are not available when targeting lower than ES2020.
node_modules/viem/node_modules/ox/core/Solidity.ts(17,44): error TS2737: BigInt literals are not available when targeting lower than ES2020.
node_modules/viem/node_modules/ox/core/Solidity.ts(18,25): error TS2737: BigInt literals are not available when targeting lower than ES2020.
node_modules/viem/node_modules/ox/core/Solidity.ts(18,25): error TS2791: Exponentiation cannot be performed on 'bigint' values unless the 'target' option is set to 'es2016' or later.
node_modules/viem/node_modules/ox/core/Solidity.ts(18,32): error TS2737: BigInt literals are not available when targeting lower than ES2020.
node_modules/viem/node_modules/ox/core/Solidity.ts(18,38): error TS2737: BigInt literals are not available when targeting lower than ES2020.
node_modules/viem/node_modules/ox/core/Solidity.ts(18,44): error TS2737: BigInt literals are not available when targeting lower than ES2020.
node_modules/viem/node_modules/ox/core/Solidity.ts(19,25): error TS2737: BigInt literals are not available when targeting lower than ES2020.
node_modules/viem/node_modules/ox/core/Solidity.ts(19,25): error TS2791: Exponentiation cannot be performed on 'bigint' values unless the 'target' option is set to 'es2016' or later.
node_modules/viem/node_modules/ox/core/Solidity.ts(19,32): error TS2737: BigInt literals are not available when targeting lower than ES2020.
node_modules/viem/node_modules/ox/core/Solidity.ts(19,38): error TS2737: BigInt literals are not available when targeting lower than ES2020.
node_modules/viem/node_modules/ox/core/Solidity.ts(19,44): error TS2737: BigInt literals are not available when targeting lower than ES2020.
node_modules/viem/node_modules/ox/core/Solidity.ts(20,25): error TS2737: BigInt literals are not available when targeting lower than ES2020.
node_modules/viem/node_modules/ox/core/Solidity.ts(20,25): error TS2791: Exponentiation cannot be performed on 'bigint' values unless the 'target' option is set to 'es2016' or later.
node_modules/viem/node_modules/ox/core/Solidity.ts(20,32): error TS2737: BigInt literals are not available when targeting lower than ES2020.
node_modules/viem/node_modules/ox/core/Solidity.ts(20,38): error TS2737: BigInt literals are not available when targeting lower than ES2020.
node_modules/viem/node_modules/ox/core/Solidity.ts(20,44): error TS2737: BigInt literals are not available when targeting lower than ES2020.
node_modules/viem/node_modules/ox/core/Solidity.ts(21,25): error TS2737: BigInt literals are not available when targeting lower than ES2020.
node_modules/viem/node_modules/ox/core/Solidity.ts(21,25): error TS2791: Exponentiation cannot be performed on 'bigint' values unless the 'target' option is set to 'es2016' or later.
node_modules/viem/node_modules/ox/core/Solidity.ts(21,32): error TS2737: BigInt literals are not available when targeting lower than ES2020.
node_modules/viem/node_modules/ox/core/Solidity.ts(21,38): error TS2737: BigInt literals are not available when targeting lower than ES2020.
node_modules/viem/node_modules/ox/core/Solidity.ts(21,44): error TS2737: BigInt literals are not available when targeting lower than ES2020.
node_modules/viem/node_modules/ox/core/Solidity.ts(22,25): error TS2737: BigInt literals are not available when targeting lower than ES2020.
node_modules/viem/node_modules/ox/core/Solidity.ts(22,25): error TS2791: Exponentiation cannot be performed on 'bigint' values unless the 'target' option is set to 'es2016' or later.
node_modules/viem/node_modules/ox/core/Solidity.ts(22,32): error TS2737: BigInt literals are not available when targeting lower than ES2020.
node_modules/viem/node_modules/ox/core/Solidity.ts(22,38): error TS2737: BigInt literals are not available when targeting lower than ES2020.
node_modules/viem/node_modules/ox/core/Solidity.ts(22,44): error TS2737: BigInt literals are not available when targeting lower than ES2020.
node_modules/viem/node_modules/ox/core/Solidity.ts(23,25): error TS2737: BigInt literals are not available when targeting lower than ES2020.
node_modules/viem/node_modules/ox/core/Solidity.ts(23,25): error TS2791: Exponentiation cannot be performed on 'bigint' values unless the 'target' option is set to 'es2016' or later.
node_modules/viem/node_modules/ox/core/Solidity.ts(23,32): error TS2737: BigInt literals are not available when targeting lower than ES2020.
node_modules/viem/node_modules/ox/core/Solidity.ts(23,38): error TS2737: BigInt literals are not available when targeting lower than ES2020.
node_modules/viem/node_modules/ox/core/Solidity.ts(23,44): error TS2737: BigInt literals are not available when targeting lower than ES2020.
node_modules/viem/node_modules/ox/core/Solidity.ts(24,26): error TS2737: BigInt literals are not available when targeting lower than ES2020.
node_modules/viem/node_modules/ox/core/Solidity.ts(24,26): error TS2791: Exponentiation cannot be performed on 'bigint' values unless the 'target' option is set to 'es2016' or later.
node_modules/viem/node_modules/ox/core/Solidity.ts(24,33): error TS2737: BigInt literals are not available when targeting lower than ES2020.
node_modules/viem/node_modules/ox/core/Solidity.ts(24,40): error TS2737: BigInt literals are not available when targeting lower than ES2020.
node_modules/viem/node_modules/ox/core/Solidity.ts(24,46): error TS2737: BigInt literals are not available when targeting lower than ES2020.
node_modules/viem/node_modules/ox/core/Solidity.ts(25,26): error TS2737: BigInt literals are not available when targeting lower than ES2020.
node_modules/viem/node_modules/ox/core/Solidity.ts(25,26): error TS2791: Exponentiation cannot be performed on 'bigint' values unless the 'target' option is set to 'es2016' or later.
node_modules/viem/node_modules/ox/core/Solidity.ts(25,33): error TS2737: BigInt literals are not available when targeting lower than ES2020.
node_modules/viem/node_modules/ox/core/Solidity.ts(25,40): error TS2737: BigInt literals are not available when targeting lower than ES2020.
node_modules/viem/node_modules/ox/core/Solidity.ts(25,46): error TS2737: BigInt literals are not available when targeting lower than ES2020.
node_modules/viem/node_modules/ox/core/Solidity.ts(26,26): error TS2737: BigInt literals are not available when targeting lower than ES2020.
node_modules/viem/node_modules/ox/core/Solidity.ts(26,26): error TS2791: Exponentiation cannot be performed on 'bigint' values unless the 'target' option is set to 'es2016' or later.
node_modules/viem/node_modules/ox/core/Solidity.ts(26,33): error TS2737: BigInt literals are not available when targeting lower than ES2020.
node_modules/viem/node_modules/ox/core/Solidity.ts(26,40): error TS2737: BigInt literals are not available when targeting lower than ES2020.
node_modules/viem/node_modules/ox/core/Solidity.ts(26,46): error TS2737: BigInt literals are not available when targeting lower than ES2020.
node_modules/viem/node_modules/ox/core/Solidity.ts(27,26): error TS2737: BigInt literals are not available when targeting lower than ES2020.
node_modules/viem/node_modules/ox/core/Solidity.ts(27,26): error TS2791: Exponentiation cannot be performed on 'bigint' values unless the 'target' option is set to 'es2016' or later.
node_modules/viem/node_modules/ox/core/Solidity.ts(27,33): error TS2737: BigInt literals are not available when targeting lower than ES2020.
node_modules/viem/node_modules/ox/core/Solidity.ts(27,40): error TS2737: BigInt literals are not available when targeting lower than ES2020.
node_modules/viem/node_modules/ox/core/Solidity.ts(27,46): error TS2737: BigInt literals are not available when targeting lower than ES2020.
node_modules/viem/node_modules/ox/core/Solidity.ts(28,26): error TS2737: BigInt literals are not available when targeting lower than ES2020.
node_modules/viem/node_modules/ox/core/Solidity.ts(28,26): error TS2791: Exponentiation cannot be performed on 'bigint' values unless the 'target' option is set to 'es2016' or later.
node_modules/viem/node_modules/ox/core/Solidity.ts(28,33): error TS2737: BigInt literals are not available when targeting lower than ES2020.
node_modules/viem/node_modules/ox/core/Solidity.ts(28,40): error TS2737: BigInt literals are not available when targeting lower than ES2020.
node_modules/viem/node_modules/ox/core/Solidity.ts(28,46): error TS2737: BigInt literals are not available when targeting lower than ES2020.
node_modules/viem/node_modules/ox/core/Solidity.ts(29,26): error TS2737: BigInt literals are not available when targeting lower than ES2020.
node_modules/viem/node_modules/ox/core/Solidity.ts(29,26): error TS2791: Exponentiation cannot be performed on 'bigint' values unless the 'target' option is set to 'es2016' or later.
node_modules/viem/node_modules/ox/core/Solidity.ts(29,33): error TS2737: BigInt literals are not available when targeting lower than ES2020.
node_modules/viem/node_modules/ox/core/Solidity.ts(29,40): error TS2737: BigInt literals are not available when targeting lower than ES2020.
node_modules/viem/node_modules/ox/core/Solidity.ts(29,46): error TS2737: BigInt literals are not available when targeting lower than ES2020.
node_modules/viem/node_modules/ox/core/Solidity.ts(30,26): error TS2737: BigInt literals are not available when targeting lower than ES2020.
node_modules/viem/node_modules/ox/core/Solidity.ts(30,26): error TS2791: Exponentiation cannot be performed on 'bigint' values unless the 'target' option is set to 'es2016' or later.
node_modules/viem/node_modules/ox/core/Solidity.ts(30,33): error TS2737: BigInt literals are not available when targeting lower than ES2020.
node_modules/viem/node_modules/ox/core/Solidity.ts(30,40): error TS2737: BigInt literals are not available when targeting lower than ES2020.
node_modules/viem/node_modules/ox/core/Solidity.ts(30,46): error TS2737: BigInt literals are not available when targeting lower than ES2020.
node_modules/viem/node_modules/ox/core/Solidity.ts(31,26): error TS2737: BigInt literals are not available when targeting lower than ES2020.
node_modules/viem/node_modules/ox/core/Solidity.ts(31,26): error TS2791: Exponentiation cannot be performed on 'bigint' values unless the 'target' option is set to 'es2016' or later.
node_modules/viem/node_modules/ox/core/Solidity.ts(31,33): error TS2737: BigInt literals are not available when targeting lower than ES2020.
node_modules/viem/node_modules/ox/core/Solidity.ts(31,40): error TS2737: BigInt literals are not available when targeting lower than ES2020.
node_modules/viem/node_modules/ox/core/Solidity.ts(31,46): error TS2737: BigInt literals are not available when targeting lower than ES2020.
node_modules/viem/node_modules/ox/core/Solidity.ts(32,26): error TS2737: BigInt literals are not available when targeting lower than ES2020.
node_modules/viem/node_modules/ox/core/Solidity.ts(32,26): error TS2791: Exponentiation cannot be performed on 'bigint' values unless the 'target' option is set to 'es2016' or later.
node_modules/viem/node_modules/ox/core/Solidity.ts(32,33): error TS2737: BigInt literals are not available when targeting lower than ES2020.
node_modules/viem/node_modules/ox/core/Solidity.ts(32,40): error TS2737: BigInt literals are not available when targeting lower than ES2020.
node_modules/viem/node_modules/ox/core/Solidity.ts(32,46): error TS2737: BigInt literals are not available when targeting lower than ES2020.
node_modules/viem/node_modules/ox/core/Solidity.ts(33,26): error TS2737: BigInt literals are not available when targeting lower than ES2020.
node_modules/viem/node_modules/ox/core/Solidity.ts(33,26): error TS2791: Exponentiation cannot be performed on 'bigint' values unless the 'target' option is set to 'es2016' or later.
node_modules/viem/node_modules/ox/core/Solidity.ts(33,33): error TS2737: BigInt literals are not available when targeting lower than ES2020.
node_modules/viem/node_modules/ox/core/Solidity.ts(33,40): error TS2737: BigInt literals are not available when targeting lower than ES2020.
node_modules/viem/node_modules/ox/core/Solidity.ts(33,46): error TS2737: BigInt literals are not available when targeting lower than ES2020.
node_modules/viem/node_modules/ox/core/Solidity.ts(34,26): error TS2737: BigInt literals are not available when targeting lower than ES2020.
node_modules/viem/node_modules/ox/core/Solidity.ts(34,26): error TS2791: Exponentiation cannot be performed on 'bigint' values unless the 'target' option is set to 'es2016' or later.
node_modules/viem/node_modules/ox/core/Solidity.ts(34,33): error TS2737: BigInt literals are not available when targeting lower than ES2020.
node_modules/viem/node_modules/ox/core/Solidity.ts(34,40): error TS2737: BigInt literals are not available when targeting lower than ES2020.
node_modules/viem/node_modules/ox/core/Solidity.ts(34,46): error TS2737: BigInt literals are not available when targeting lower than ES2020.
node_modules/viem/node_modules/ox/core/Solidity.ts(35,26): error TS2737: BigInt literals are not available when targeting lower than ES2020.
node_modules/viem/node_modules/ox/core/Solidity.ts(35,26): error TS2791: Exponentiation cannot be performed on 'bigint' values unless the 'target' option is set to 'es2016' or later.
node_modules/viem/node_modules/ox/core/Solidity.ts(35,33): error TS2737: BigInt literals are not available when targeting lower than ES2020.
node_modules/viem/node_modules/ox/core/Solidity.ts(35,40): error TS2737: BigInt literals are not available when targeting lower than ES2020.
node_modules/viem/node_modules/ox/core/Solidity.ts(35,46): error TS2737: BigInt literals are not available when targeting lower than ES2020.
node_modules/viem/node_modules/ox/core/Solidity.ts(36,26): error TS2737: BigInt literals are not available when targeting lower than ES2020.
node_modules/viem/node_modules/ox/core/Solidity.ts(36,26): error TS2791: Exponentiation cannot be performed on 'bigint' values unless the 'target' option is set to 'es2016' or later.
node_modules/viem/node_modules/ox/core/Solidity.ts(36,33): error TS2737: BigInt literals are not available when targeting lower than ES2020.
node_modules/viem/node_modules/ox/core/Solidity.ts(36,40): error TS2737: BigInt literals are not available when targeting lower than ES2020.
node_modules/viem/node_modules/ox/core/Solidity.ts(36,46): error TS2737: BigInt literals are not available when targeting lower than ES2020.
node_modules/viem/node_modules/ox/core/Solidity.ts(37,26): error TS2737: BigInt literals are not available when targeting lower than ES2020.
node_modules/viem/node_modules/ox/core/Solidity.ts(37,26): error TS2791: Exponentiation cannot be performed on 'bigint' values unless the 'target' option is set to 'es2016' or later.
node_modules/viem/node_modules/ox/core/Solidity.ts(37,33): error TS2737: BigInt literals are not available when targeting lower than ES2020.
node_modules/viem/node_modules/ox/core/Solidity.ts(37,40): error TS2737: BigInt literals are not available when targeting lower than ES2020.
node_modules/viem/node_modules/ox/core/Solidity.ts(37,46): error TS2737: BigInt literals are not available when targeting lower than ES2020.
node_modules/viem/node_modules/ox/core/Solidity.ts(38,26): error TS2737: BigInt literals are not available when targeting lower than ES2020.
node_modules/viem/node_modules/ox/core/Solidity.ts(38,26): error TS2791: Exponentiation cannot be performed on 'bigint' values unless the 'target' option is set to 'es2016' or later.
node_modules/viem/node_modules/ox/core/Solidity.ts(38,33): error TS2737: BigInt literals are not available when targeting lower than ES2020.
node_modules/viem/node_modules/ox/core/Solidity.ts(38,40): error TS2737: BigInt literals are not available when targeting lower than ES2020.
node_modules/viem/node_modules/ox/core/Solidity.ts(38,46): error TS2737: BigInt literals are not available when targeting lower than ES2020.
node_modules/viem/node_modules/ox/core/Solidity.ts(39,26): error TS2737: BigInt literals are not available when targeting lower than ES2020.
node_modules/viem/node_modules/ox/core/Solidity.ts(39,26): error TS2791: Exponentiation cannot be performed on 'bigint' values unless the 'target' option is set to 'es2016' or later.
node_modules/viem/node_modules/ox/core/Solidity.ts(39,33): error TS2737: BigInt literals are not available when targeting lower than ES2020.
node_modules/viem/node_modules/ox/core/Solidity.ts(39,40): error TS2737: BigInt literals are not available when targeting lower than ES2020.
node_modules/viem/node_modules/ox/core/Solidity.ts(39,46): error TS2737: BigInt literals are not available when targeting lower than ES2020.
node_modules/viem/node_modules/ox/core/Solidity.ts(40,26): error TS2737: BigInt literals are not available when targeting lower than ES2020.
node_modules/viem/node_modules/ox/core/Solidity.ts(40,26): error TS2791: Exponentiation cannot be performed on 'bigint' values unless the 'target' option is set to 'es2016' or later.
node_modules/viem/node_modules/ox/core/Solidity.ts(40,33): error TS2737: BigInt literals are not available when targeting lower than ES2020.
node_modules/viem/node_modules/ox/core/Solidity.ts(40,40): error TS2737: BigInt literals are not available when targeting lower than ES2020.
node_modules/viem/node_modules/ox/core/Solidity.ts(40,46): error TS2737: BigInt literals are not available when targeting lower than ES2020.
node_modules/viem/node_modules/ox/core/Solidity.ts(41,26): error TS2737: BigInt literals are not available when targeting lower than ES2020.
node_modules/viem/node_modules/ox/core/Solidity.ts(41,26): error TS2791: Exponentiation cannot be performed on 'bigint' values unless the 'target' option is set to 'es2016' or later.
node_modules/viem/node_modules/ox/core/Solidity.ts(41,33): error TS2737: BigInt literals are not available when targeting lower than ES2020.
node_modules/viem/node_modules/ox/core/Solidity.ts(41,40): error TS2737: BigInt literals are not available when targeting lower than ES2020.
node_modules/viem/node_modules/ox/core/Solidity.ts(41,46): error TS2737: BigInt literals are not available when targeting lower than ES2020.
node_modules/viem/node_modules/ox/core/Solidity.ts(42,26): error TS2737: BigInt literals are not available when targeting lower than ES2020.
node_modules/viem/node_modules/ox/core/Solidity.ts(42,26): error TS2791: Exponentiation cannot be performed on 'bigint' values unless the 'target' option is set to 'es2016' or later.
node_modules/viem/node_modules/ox/core/Solidity.ts(42,33): error TS2737: BigInt literals are not available when targeting lower than ES2020.
node_modules/viem/node_modules/ox/core/Solidity.ts(42,40): error TS2737: BigInt literals are not available when targeting lower than ES2020.
node_modules/viem/node_modules/ox/core/Solidity.ts(42,46): error TS2737: BigInt literals are not available when targeting lower than ES2020.
node_modules/viem/node_modules/ox/core/Solidity.ts(43,26): error TS2737: BigInt literals are not available when targeting lower than ES2020.
node_modules/viem/node_modules/ox/core/Solidity.ts(43,26): error TS2791: Exponentiation cannot be performed on 'bigint' values unless the 'target' option is set to 'es2016' or later.
node_modules/viem/node_modules/ox/core/Solidity.ts(43,33): error TS2737: BigInt literals are not available when targeting lower than ES2020.
node_modules/viem/node_modules/ox/core/Solidity.ts(43,40): error TS2737: BigInt literals are not available when targeting lower than ES2020.
node_modules/viem/node_modules/ox/core/Solidity.ts(43,46): error TS2737: BigInt literals are not available when targeting lower than ES2020.
node_modules/viem/node_modules/ox/core/Solidity.ts(45,26): error TS2737: BigInt literals are not available when targeting lower than ES2020.
node_modules/viem/node_modules/ox/core/Solidity.ts(45,26): error TS2791: Exponentiation cannot be performed on 'bigint' values unless the 'target' option is set to 'es2016' or later.
node_modules/viem/node_modules/ox/core/Solidity.ts(45,33): error TS2737: BigInt literals are not available when targeting lower than ES2020.
node_modules/viem/node_modules/ox/core/Solidity.ts(45,38): error TS2737: BigInt literals are not available when targeting lower than ES2020.
node_modules/viem/node_modules/ox/core/Solidity.ts(46,27): error TS2737: BigInt literals are not available when targeting lower than ES2020.
node_modules/viem/node_modules/ox/core/Solidity.ts(46,27): error TS2791: Exponentiation cannot be performed on 'bigint' values unless the 'target' option is set to 'es2016' or later.
node_modules/viem/node_modules/ox/core/Solidity.ts(46,34): error TS2737: BigInt literals are not available when targeting lower than ES2020.
node_modules/viem/node_modules/ox/core/Solidity.ts(46,40): error TS2737: BigInt literals are not available when targeting lower than ES2020.
node_modules/viem/node_modules/ox/core/Solidity.ts(47,27): error TS2737: BigInt literals are not available when targeting lower than ES2020.
node_modules/viem/node_modules/ox/core/Solidity.ts(47,27): error TS2791: Exponentiation cannot be performed on 'bigint' values unless the 'target' option is set to 'es2016' or later.
node_modules/viem/node_modules/ox/core/Solidity.ts(47,34): error TS2737: BigInt literals are not available when targeting lower than ES2020.
node_modules/viem/node_modules/ox/core/Solidity.ts(47,40): error TS2737: BigInt literals are not available when targeting lower than ES2020.
node_modules/viem/node_modules/ox/core/Solidity.ts(48,27): error TS2737: BigInt literals are not available when targeting lower than ES2020.
node_modules/viem/node_modules/ox/core/Solidity.ts(48,27): error TS2791: Exponentiation cannot be performed on 'bigint' values unless the 'target' option is set to 'es2016' or later.
node_modules/viem/node_modules/ox/core/Solidity.ts(48,34): error TS2737: BigInt literals are not available when targeting lower than ES2020.
node_modules/viem/node_modules/ox/core/Solidity.ts(48,40): error TS2737: BigInt literals are not available when targeting lower than ES2020.
node_modules/viem/node_modules/ox/core/Solidity.ts(49,27): error TS2737: BigInt literals are not available when targeting lower than ES2020.
node_modules/viem/node_modules/ox/core/Solidity.ts(49,27): error TS2791: Exponentiation cannot be performed on 'bigint' values unless the 'target' option is set to 'es2016' or later.
node_modules/viem/node_modules/ox/core/Solidity.ts(49,34): error TS2737: BigInt literals are not available when targeting lower than ES2020.
node_modules/viem/node_modules/ox/core/Solidity.ts(49,40): error TS2737: BigInt literals are not available when targeting lower than ES2020.
node_modules/viem/node_modules/ox/core/Solidity.ts(50,27): error TS2737: BigInt literals are not available when targeting lower than ES2020.
node_modules/viem/node_modules/ox/core/Solidity.ts(50,27): error TS2791: Exponentiation cannot be performed on 'bigint' values unless the 'target' option is set to 'es2016' or later.
node_modules/viem/node_modules/ox/core/Solidity.ts(50,34): error TS2737: BigInt literals are not available when targeting lower than ES2020.
node_modules/viem/node_modules/ox/core/Solidity.ts(50,40): error TS2737: BigInt literals are not available when targeting lower than ES2020.
node_modules/viem/node_modules/ox/core/Solidity.ts(51,27): error TS2737: BigInt literals are not available when targeting lower than ES2020.
node_modules/viem/node_modules/ox/core/Solidity.ts(51,27): error TS2791: Exponentiation cannot be performed on 'bigint' values unless the 'target' option is set to 'es2016' or later.
node_modules/viem/node_modules/ox/core/Solidity.ts(51,34): error TS2737: BigInt literals are not available when targeting lower than ES2020.
node_modules/viem/node_modules/ox/core/Solidity.ts(51,40): error TS2737: BigInt literals are not available when targeting lower than ES2020.
node_modules/viem/node_modules/ox/core/Solidity.ts(52,27): error TS2737: BigInt literals are not available when targeting lower than ES2020.
node_modules/viem/node_modules/ox/core/Solidity.ts(52,27): error TS2791: Exponentiation cannot be performed on 'bigint' values unless the 'target' option is set to 'es2016' or later.
node_modules/viem/node_modules/ox/core/Solidity.ts(52,34): error TS2737: BigInt literals are not available when targeting lower than ES2020.
node_modules/viem/node_modules/ox/core/Solidity.ts(52,40): error TS2737: BigInt literals are not available when targeting lower than ES2020.
node_modules/viem/node_modules/ox/core/Solidity.ts(53,27): error TS2737: BigInt literals are not available when targeting lower than ES2020.
node_modules/viem/node_modules/ox/core/Solidity.ts(53,27): error TS2791: Exponentiation cannot be performed on 'bigint' values unless the 'target' option is set to 'es2016' or later.
node_modules/viem/node_modules/ox/core/Solidity.ts(53,34): error TS2737: BigInt literals are not available when targeting lower than ES2020.
node_modules/viem/node_modules/ox/core/Solidity.ts(53,40): error TS2737: BigInt literals are not available when targeting lower than ES2020.
node_modules/viem/node_modules/ox/core/Solidity.ts(54,27): error TS2737: BigInt literals are not available when targeting lower than ES2020.
node_modules/viem/node_modules/ox/core/Solidity.ts(54,27): error TS2791: Exponentiation cannot be performed on 'bigint' values unless the 'target' option is set to 'es2016' or later.
node_modules/viem/node_modules/ox/core/Solidity.ts(54,34): error TS2737: BigInt literals are not available when targeting lower than ES2020.
node_modules/viem/node_modules/ox/core/Solidity.ts(54,40): error TS2737: BigInt literals are not available when targeting lower than ES2020.
node_modules/viem/node_modules/ox/core/Solidity.ts(55,27): error TS2737: BigInt literals are not available when targeting lower than ES2020.
node_modules/viem/node_modules/ox/core/Solidity.ts(55,27): error TS2791: Exponentiation cannot be performed on 'bigint' values unless the 'target' option is set to 'es2016' or later.
node_modules/viem/node_modules/ox/core/Solidity.ts(55,34): error TS2737: BigInt literals are not available when targeting lower than ES2020.
node_modules/viem/node_modules/ox/core/Solidity.ts(55,40): error TS2737: BigInt literals are not available when targeting lower than ES2020.
node_modules/viem/node_modules/ox/core/Solidity.ts(56,27): error TS2737: BigInt literals are not available when targeting lower than ES2020.
node_modules/viem/node_modules/ox/core/Solidity.ts(56,27): error TS2791: Exponentiation cannot be performed on 'bigint' values unless the 'target' option is set to 'es2016' or later.
node_modules/viem/node_modules/ox/core/Solidity.ts(56,34): error TS2737: BigInt literals are not available when targeting lower than ES2020.
node_modules/viem/node_modules/ox/core/Solidity.ts(56,40): error TS2737: BigInt literals are not available when targeting lower than ES2020.
node_modules/viem/node_modules/ox/core/Solidity.ts(57,28): error TS2737: BigInt literals are not available when targeting lower than ES2020.
node_modules/viem/node_modules/ox/core/Solidity.ts(57,28): error TS2791: Exponentiation cannot be performed on 'bigint' values unless the 'target' option is set to 'es2016' or later.
node_modules/viem/node_modules/ox/core/Solidity.ts(57,35): error TS2737: BigInt literals are not available when targeting lower than ES2020.
node_modules/viem/node_modules/ox/core/Solidity.ts(57,42): error TS2737: BigInt literals are not available when targeting lower than ES2020.
node_modules/viem/node_modules/ox/core/Solidity.ts(58,28): error TS2737: BigInt literals are not available when targeting lower than ES2020.
node_modules/viem/node_modules/ox/core/Solidity.ts(58,28): error TS2791: Exponentiation cannot be performed on 'bigint' values unless the 'target' option is set to 'es2016' or later.
node_modules/viem/node_modules/ox/core/Solidity.ts(58,35): error TS2737: BigInt literals are not available when targeting lower than ES2020.
node_modules/viem/node_modules/ox/core/Solidity.ts(58,42): error TS2737: BigInt literals are not available when targeting lower than ES2020.
node_modules/viem/node_modules/ox/core/Solidity.ts(59,28): error TS2737: BigInt literals are not available when targeting lower than ES2020.
node_modules/viem/node_modules/ox/core/Solidity.ts(59,28): error TS2791: Exponentiation cannot be performed on 'bigint' values unless the 'target' option is set to 'es2016' or later.
node_modules/viem/node_modules/ox/core/Solidity.ts(59,35): error TS2737: BigInt literals are not available when targeting lower than ES2020.
node_modules/viem/node_modules/ox/core/Solidity.ts(59,42): error TS2737: BigInt literals are not available when targeting lower than ES2020.
node_modules/viem/node_modules/ox/core/Solidity.ts(60,28): error TS2737: BigInt literals are not available when targeting lower than ES2020.
node_modules/viem/node_modules/ox/core/Solidity.ts(60,28): error TS2791: Exponentiation cannot be performed on 'bigint' values unless the 'target' option is set to 'es2016' or later.
node_modules/viem/node_modules/ox/core/Solidity.ts(60,35): error TS2737: BigInt literals are not available when targeting lower than ES2020.
node_modules/viem/node_modules/ox/core/Solidity.ts(60,42): error TS2737: BigInt literals are not available when targeting lower than ES2020.
node_modules/viem/node_modules/ox/core/Solidity.ts(61,28): error TS2737: BigInt literals are not available when targeting lower than ES2020.
node_modules/viem/node_modules/ox/core/Solidity.ts(61,28): error TS2791: Exponentiation cannot be performed on 'bigint' values unless the 'target' option is set to 'es2016' or later.
node_modules/viem/node_modules/ox/core/Solidity.ts(61,35): error TS2737: BigInt literals are not available when targeting lower than ES2020.
node_modules/viem/node_modules/ox/core/Solidity.ts(61,42): error TS2737: BigInt literals are not available when targeting lower than ES2020.
node_modules/viem/node_modules/ox/core/Solidity.ts(62,28): error TS2737: BigInt literals are not available when targeting lower than ES2020.
node_modules/viem/node_modules/ox/core/Solidity.ts(62,28): error TS2791: Exponentiation cannot be performed on 'bigint' values unless the 'target' option is set to 'es2016' or later.
node_modules/viem/node_modules/ox/core/Solidity.ts(62,35): error TS2737: BigInt literals are not available when targeting lower than ES2020.
node_modules/viem/node_modules/ox/core/Solidity.ts(62,42): error TS2737: BigInt literals are not available when targeting lower than ES2020.
node_modules/viem/node_modules/ox/core/Solidity.ts(63,28): error TS2737: BigInt literals are not available when targeting lower than ES2020.
node_modules/viem/node_modules/ox/core/Solidity.ts(63,28): error TS2791: Exponentiation cannot be performed on 'bigint' values unless the 'target' option is set to 'es2016' or later.
node_modules/viem/node_modules/ox/core/Solidity.ts(63,35): error TS2737: BigInt literals are not available when targeting lower than ES2020.
node_modules/viem/node_modules/ox/core/Solidity.ts(63,42): error TS2737: BigInt literals are not available when targeting lower than ES2020.
node_modules/viem/node_modules/ox/core/Solidity.ts(64,28): error TS2737: BigInt literals are not available when targeting lower than ES2020.
node_modules/viem/node_modules/ox/core/Solidity.ts(64,28): error TS2791: Exponentiation cannot be performed on 'bigint' values unless the 'target' option is set to 'es2016' or later.
node_modules/viem/node_modules/ox/core/Solidity.ts(64,35): error TS2737: BigInt literals are not available when targeting lower than ES2020.
node_modules/viem/node_modules/ox/core/Solidity.ts(64,42): error TS2737: BigInt literals are not available when targeting lower than ES2020.
node_modules/viem/node_modules/ox/core/Solidity.ts(65,28): error TS2737: BigInt literals are not available when targeting lower than ES2020.
node_modules/viem/node_modules/ox/core/Solidity.ts(65,28): error TS2791: Exponentiation cannot be performed on 'bigint' values unless the 'target' option is set to 'es2016' or later.
node_modules/viem/node_modules/ox/core/Solidity.ts(65,35): error TS2737: BigInt literals are not available when targeting lower than ES2020.
node_modules/viem/node_modules/ox/core/Solidity.ts(65,42): error TS2737: BigInt literals are not available when targeting lower than ES2020.
node_modules/viem/node_modules/ox/core/Solidity.ts(66,28): error TS2737: BigInt literals are not available when targeting lower than ES2020.
node_modules/viem/node_modules/ox/core/Solidity.ts(66,28): error TS2791: Exponentiation cannot be performed on 'bigint' values unless the 'target' option is set to 'es2016' or later.
node_modules/viem/node_modules/ox/core/Solidity.ts(66,35): error TS2737: BigInt literals are not available when targeting lower than ES2020.
node_modules/viem/node_modules/ox/core/Solidity.ts(66,42): error TS2737: BigInt literals are not available when targeting lower than ES2020.
node_modules/viem/node_modules/ox/core/Solidity.ts(67,28): error TS2737: BigInt literals are not available when targeting lower than ES2020.
node_modules/viem/node_modules/ox/core/Solidity.ts(67,28): error TS2791: Exponentiation cannot be performed on 'bigint' values unless the 'target' option is set to 'es2016' or later.
node_modules/viem/node_modules/ox/core/Solidity.ts(67,35): error TS2737: BigInt literals are not available when targeting lower than ES2020.
node_modules/viem/node_modules/ox/core/Solidity.ts(67,42): error TS2737: BigInt literals are not available when targeting lower than ES2020.
node_modules/viem/node_modules/ox/core/Solidity.ts(68,28): error TS2737: BigInt literals are not available when targeting lower than ES2020.
node_modules/viem/node_modules/ox/core/Solidity.ts(68,28): error TS2791: Exponentiation cannot be performed on 'bigint' values unless the 'target' option is set to 'es2016' or later.
node_modules/viem/node_modules/ox/core/Solidity.ts(68,35): error TS2737: BigInt literals are not available when targeting lower than ES2020.
node_modules/viem/node_modules/ox/core/Solidity.ts(68,42): error TS2737: BigInt literals are not available when targeting lower than ES2020.
node_modules/viem/node_modules/ox/core/Solidity.ts(69,28): error TS2737: BigInt literals are not available when targeting lower than ES2020.
node_modules/viem/node_modules/ox/core/Solidity.ts(69,28): error TS2791: Exponentiation cannot be performed on 'bigint' values unless the 'target' option is set to 'es2016' or later.
node_modules/viem/node_modules/ox/core/Solidity.ts(69,35): error TS2737: BigInt literals are not available when targeting lower than ES2020.
node_modules/viem/node_modules/ox/core/Solidity.ts(69,42): error TS2737: BigInt literals are not available when targeting lower than ES2020.
node_modules/viem/node_modules/ox/core/Solidity.ts(70,28): error TS2737: BigInt literals are not available when targeting lower than ES2020.
node_modules/viem/node_modules/ox/core/Solidity.ts(70,28): error TS2791: Exponentiation cannot be performed on 'bigint' values unless the 'target' option is set to 'es2016' or later.
node_modules/viem/node_modules/ox/core/Solidity.ts(70,35): error TS2737: BigInt literals are not available when targeting lower than ES2020.
node_modules/viem/node_modules/ox/core/Solidity.ts(70,42): error TS2737: BigInt literals are not available when targeting lower than ES2020.
node_modules/viem/node_modules/ox/core/Solidity.ts(71,28): error TS2737: BigInt literals are not available when targeting lower than ES2020.
node_modules/viem/node_modules/ox/core/Solidity.ts(71,28): error TS2791: Exponentiation cannot be performed on 'bigint' values unless the 'target' option is set to 'es2016' or later.
node_modules/viem/node_modules/ox/core/Solidity.ts(71,35): error TS2737: BigInt literals are not available when targeting lower than ES2020.
node_modules/viem/node_modules/ox/core/Solidity.ts(71,42): error TS2737: BigInt literals are not available when targeting lower than ES2020.
node_modules/viem/node_modules/ox/core/Solidity.ts(72,28): error TS2737: BigInt literals are not available when targeting lower than ES2020.
node_modules/viem/node_modules/ox/core/Solidity.ts(72,28): error TS2791: Exponentiation cannot be performed on 'bigint' values unless the 'target' option is set to 'es2016' or later.
node_modules/viem/node_modules/ox/core/Solidity.ts(72,35): error TS2737: BigInt literals are not available when targeting lower than ES2020.
node_modules/viem/node_modules/ox/core/Solidity.ts(72,42): error TS2737: BigInt literals are not available when targeting lower than ES2020.
node_modules/viem/node_modules/ox/core/Solidity.ts(73,28): error TS2737: BigInt literals are not available when targeting lower than ES2020.
node_modules/viem/node_modules/ox/core/Solidity.ts(73,28): error TS2791: Exponentiation cannot be performed on 'bigint' values unless the 'target' option is set to 'es2016' or later.
node_modules/viem/node_modules/ox/core/Solidity.ts(73,35): error TS2737: BigInt literals are not available when targeting lower than ES2020.
node_modules/viem/node_modules/ox/core/Solidity.ts(73,42): error TS2737: BigInt literals are not available when targeting lower than ES2020.
node_modules/viem/node_modules/ox/core/Solidity.ts(74,28): error TS2737: BigInt literals are not available when targeting lower than ES2020.
node_modules/viem/node_modules/ox/core/Solidity.ts(74,28): error TS2791: Exponentiation cannot be performed on 'bigint' values unless the 'target' option is set to 'es2016' or later.
node_modules/viem/node_modules/ox/core/Solidity.ts(74,35): error TS2737: BigInt literals are not available when targeting lower than ES2020.
node_modules/viem/node_modules/ox/core/Solidity.ts(74,42): error TS2737: BigInt literals are not available when targeting lower than ES2020.
node_modules/viem/node_modules/ox/core/Solidity.ts(75,28): error TS2737: BigInt literals are not available when targeting lower than ES2020.
node_modules/viem/node_modules/ox/core/Solidity.ts(75,28): error TS2791: Exponentiation cannot be performed on 'bigint' values unless the 'target' option is set to 'es2016' or later.
node_modules/viem/node_modules/ox/core/Solidity.ts(75,35): error TS2737: BigInt literals are not available when targeting lower than ES2020.
node_modules/viem/node_modules/ox/core/Solidity.ts(75,42): error TS2737: BigInt literals are not available when targeting lower than ES2020.
node_modules/viem/node_modules/ox/core/Solidity.ts(76,28): error TS2737: BigInt literals are not available when targeting lower than ES2020.
node_modules/viem/node_modules/ox/core/Solidity.ts(76,28): error TS2791: Exponentiation cannot be performed on 'bigint' values unless the 'target' option is set to 'es2016' or later.
node_modules/viem/node_modules/ox/core/Solidity.ts(76,35): error TS2737: BigInt literals are not available when targeting lower than ES2020.
node_modules/viem/node_modules/ox/core/Solidity.ts(76,42): error TS2737: BigInt literals are not available when targeting lower than ES2020.
node_modules/viem/node_modules/ox/core/Solidity.ts(78,25): error TS2737: BigInt literals are not available when targeting lower than ES2020.
node_modules/viem/node_modules/ox/core/Solidity.ts(78,25): error TS2791: Exponentiation cannot be performed on 'bigint' values unless the 'target' option is set to 'es2016' or later.
node_modules/viem/node_modules/ox/core/Solidity.ts(78,31): error TS2737: BigInt literals are not available when targeting lower than ES2020.
node_modules/viem/node_modules/ox/core/Solidity.ts(78,36): error TS2737: BigInt literals are not available when targeting lower than ES2020.
node_modules/viem/node_modules/ox/core/Solidity.ts(79,26): error TS2737: BigInt literals are not available when targeting lower than ES2020.
node_modules/viem/node_modules/ox/core/Solidity.ts(79,26): error TS2791: Exponentiation cannot be performed on 'bigint' values unless the 'target' option is set to 'es2016' or later.
node_modules/viem/node_modules/ox/core/Solidity.ts(79,32): error TS2737: BigInt literals are not available when targeting lower than ES2020.
node_modules/viem/node_modules/ox/core/Solidity.ts(79,38): error TS2737: BigInt literals are not available when targeting lower than ES2020.
node_modules/viem/node_modules/ox/core/Solidity.ts(80,26): error TS2737: BigInt literals are not available when targeting lower than ES2020.
node_modules/viem/node_modules/ox/core/Solidity.ts(80,26): error TS2791: Exponentiation cannot be performed on 'bigint' values unless the 'target' option is set to 'es2016' or later.
node_modules/viem/node_modules/ox/core/Solidity.ts(80,32): error TS2737: BigInt literals are not available when targeting lower than ES2020.
node_modules/viem/node_modules/ox/core/Solidity.ts(80,38): error TS2737: BigInt literals are not available when targeting lower than ES2020.
node_modules/viem/node_modules/ox/core/Solidity.ts(81,26): error TS2737: BigInt literals are not available when targeting lower than ES2020.
node_modules/viem/node_modules/ox/core/Solidity.ts(81,26): error TS2791: Exponentiation cannot be performed on 'bigint' values unless the 'target' option is set to 'es2016' or later.
node_modules/viem/node_modules/ox/core/Solidity.ts(81,32): error TS2737: BigInt literals are not available when targeting lower than ES2020.
node_modules/viem/node_modules/ox/core/Solidity.ts(81,38): error TS2737: BigInt literals are not available when targeting lower than ES2020.
node_modules/viem/node_modules/ox/core/Solidity.ts(82,26): error TS2737: BigInt literals are not available when targeting lower than ES2020.
node_modules/viem/node_modules/ox/core/Solidity.ts(82,26): error TS2791: Exponentiation cannot be performed on 'bigint' values unless the 'target' option is set to 'es2016' or later.
node_modules/viem/node_modules/ox/core/Solidity.ts(82,32): error TS2737: BigInt literals are not available when targeting lower than ES2020.
node_modules/viem/node_modules/ox/core/Solidity.ts(82,38): error TS2737: BigInt literals are not available when targeting lower than ES2020.
node_modules/viem/node_modules/ox/core/Solidity.ts(83,26): error TS2737: BigInt literals are not available when targeting lower than ES2020.
node_modules/viem/node_modules/ox/core/Solidity.ts(83,26): error TS2791: Exponentiation cannot be performed on 'bigint' values unless the 'target' option is set to 'es2016' or later.
node_modules/viem/node_modules/ox/core/Solidity.ts(83,32): error TS2737: BigInt literals are not available when targeting lower than ES2020.
node_modules/viem/node_modules/ox/core/Solidity.ts(83,38): error TS2737: BigInt literals are not available when targeting lower than ES2020.
node_modules/viem/node_modules/ox/core/Solidity.ts(84,26): error TS2737: BigInt literals are not available when targeting lower than ES2020.
node_modules/viem/node_modules/ox/core/Solidity.ts(84,26): error TS2791: Exponentiation cannot be performed on 'bigint' values unless the 'target' option is set to 'es2016' or later.
node_modules/viem/node_modules/ox/core/Solidity.ts(84,32): error TS2737: BigInt literals are not available when targeting lower than ES2020.
node_modules/viem/node_modules/ox/core/Solidity.ts(84,38): error TS2737: BigInt literals are not available when targeting lower than ES2020.
node_modules/viem/node_modules/ox/core/Solidity.ts(85,26): error TS2737: BigInt literals are not available when targeting lower than ES2020.
node_modules/viem/node_modules/ox/core/Solidity.ts(85,26): error TS2791: Exponentiation cannot be performed on 'bigint' values unless the 'target' option is set to 'es2016' or later.
node_modules/viem/node_modules/ox/core/Solidity.ts(85,32): error TS2737: BigInt literals are not available when targeting lower than ES2020.
node_modules/viem/node_modules/ox/core/Solidity.ts(85,38): error TS2737: BigInt literals are not available when targeting lower than ES2020.
node_modules/viem/node_modules/ox/core/Solidity.ts(86,26): error TS2737: BigInt literals are not available when targeting lower than ES2020.
node_modules/viem/node_modules/ox/core/Solidity.ts(86,26): error TS2791: Exponentiation cannot be performed on 'bigint' values unless the 'target' option is set to 'es2016' or later.
node_modules/viem/node_modules/ox/core/Solidity.ts(86,32): error TS2737: BigInt literals are not available when targeting lower than ES2020.
node_modules/viem/node_modules/ox/core/Solidity.ts(86,38): error TS2737: BigInt literals are not available when targeting lower than ES2020.
node_modules/viem/node_modules/ox/core/Solidity.ts(87,26): error TS2737: BigInt literals are not available when targeting lower than ES2020.
node_modules/viem/node_modules/ox/core/Solidity.ts(87,26): error TS2791: Exponentiation cannot be performed on 'bigint' values unless the 'target' option is set to 'es2016' or later.
node_modules/viem/node_modules/ox/core/Solidity.ts(87,32): error TS2737: BigInt literals are not available when targeting lower than ES2020.
node_modules/viem/node_modules/ox/core/Solidity.ts(87,38): error TS2737: BigInt literals are not available when targeting lower than ES2020.
node_modules/viem/node_modules/ox/core/Solidity.ts(88,26): error TS2737: BigInt literals are not available when targeting lower than ES2020.
node_modules/viem/node_modules/ox/core/Solidity.ts(88,26): error TS2791: Exponentiation cannot be performed on 'bigint' values unless the 'target' option is set to 'es2016' or later.
node_modules/viem/node_modules/ox/core/Solidity.ts(88,32): error TS2737: BigInt literals are not available when targeting lower than ES2020.
node_modules/viem/node_modules/ox/core/Solidity.ts(88,38): error TS2737: BigInt literals are not available when targeting lower than ES2020.
node_modules/viem/node_modules/ox/core/Solidity.ts(89,26): error TS2737: BigInt literals are not available when targeting lower than ES2020.
node_modules/viem/node_modules/ox/core/Solidity.ts(89,26): error TS2791: Exponentiation cannot be performed on 'bigint' values unless the 'target' option is set to 'es2016' or later.
node_modules/viem/node_modules/ox/core/Solidity.ts(89,32): error TS2737: BigInt literals are not available when targeting lower than ES2020.
node_modules/viem/node_modules/ox/core/Solidity.ts(89,38): error TS2737: BigInt literals are not available when targeting lower than ES2020.
node_modules/viem/node_modules/ox/core/Solidity.ts(90,27): error TS2737: BigInt literals are not available when targeting lower than ES2020.
node_modules/viem/node_modules/ox/core/Solidity.ts(90,27): error TS2791: Exponentiation cannot be performed on 'bigint' values unless the 'target' option is set to 'es2016' or later.
node_modules/viem/node_modules/ox/core/Solidity.ts(90,33): error TS2737: BigInt literals are not available when targeting lower than ES2020.
node_modules/viem/node_modules/ox/core/Solidity.ts(90,40): error TS2737: BigInt literals are not available when targeting lower than ES2020.
node_modules/viem/node_modules/ox/core/Solidity.ts(91,27): error TS2737: BigInt literals are not available when targeting lower than ES2020.
node_modules/viem/node_modules/ox/core/Solidity.ts(91,27): error TS2791: Exponentiation cannot be performed on 'bigint' values unless the 'target' option is set to 'es2016' or later.
node_modules/viem/node_modules/ox/core/Solidity.ts(91,33): error TS2737: BigInt literals are not available when targeting lower than ES2020.
node_modules/viem/node_modules/ox/core/Solidity.ts(91,40): error TS2737: BigInt literals are not available when targeting lower than ES2020.
node_modules/viem/node_modules/ox/core/Solidity.ts(92,27): error TS2737: BigInt literals are not available when targeting lower than ES2020.
node_modules/viem/node_modules/ox/core/Solidity.ts(92,27): error TS2791: Exponentiation cannot be performed on 'bigint' values unless the 'target' option is set to 'es2016' or later.
node_modules/viem/node_modules/ox/core/Solidity.ts(92,33): error TS2737: BigInt literals are not available when targeting lower than ES2020.
node_modules/viem/node_modules/ox/core/Solidity.ts(92,40): error TS2737: BigInt literals are not available when targeting lower than ES2020.
node_modules/viem/node_modules/ox/core/Solidity.ts(93,27): error TS2737: BigInt literals are not available when targeting lower than ES2020.
node_modules/viem/node_modules/ox/core/Solidity.ts(93,27): error TS2791: Exponentiation cannot be performed on 'bigint' values unless the 'target' option is set to 'es2016' or later.
node_modules/viem/node_modules/ox/core/Solidity.ts(93,33): error TS2737: BigInt literals are not available when targeting lower than ES2020.
node_modules/viem/node_modules/ox/core/Solidity.ts(93,40): error TS2737: BigInt literals are not available when targeting lower than ES2020.
node_modules/viem/node_modules/ox/core/Solidity.ts(94,27): error TS2737: BigInt literals are not available when targeting lower than ES2020.
node_modules/viem/node_modules/ox/core/Solidity.ts(94,27): error TS2791: Exponentiation cannot be performed on 'bigint' values unless the 'target' option is set to 'es2016' or later.
node_modules/viem/node_modules/ox/core/Solidity.ts(94,33): error TS2737: BigInt literals are not available when targeting lower than ES2020.
node_modules/viem/node_modules/ox/core/Solidity.ts(94,40): error TS2737: BigInt literals are not available when targeting lower than ES2020.
node_modules/viem/node_modules/ox/core/Solidity.ts(95,27): error TS2737: BigInt literals are not available when targeting lower than ES2020.
node_modules/viem/node_modules/ox/core/Solidity.ts(95,27): error TS2791: Exponentiation cannot be performed on 'bigint' values unless the 'target' option is set to 'es2016' or later.
node_modules/viem/node_modules/ox/core/Solidity.ts(95,33): error TS2737: BigInt literals are not available when targeting lower than ES2020.
node_modules/viem/node_modules/ox/core/Solidity.ts(95,40): error TS2737: BigInt literals are not available when targeting lower than ES2020.
node_modules/viem/node_modules/ox/core/Solidity.ts(96,27): error TS2737: BigInt literals are not available when targeting lower than ES2020.
node_modules/viem/node_modules/ox/core/Solidity.ts(96,27): error TS2791: Exponentiation cannot be performed on 'bigint' values unless the 'target' option is set to 'es2016' or later.
node_modules/viem/node_modules/ox/core/Solidity.ts(96,33): error TS2737: BigInt literals are not available when targeting lower than ES2020.
node_modules/viem/node_modules/ox/core/Solidity.ts(96,40): error TS2737: BigInt literals are not available when targeting lower than ES2020.
node_modules/viem/node_modules/ox/core/Solidity.ts(97,27): error TS2737: BigInt literals are not available when targeting lower than ES2020.
node_modules/viem/node_modules/ox/core/Solidity.ts(97,27): error TS2791: Exponentiation cannot be performed on 'bigint' values unless the 'target' option is set to 'es2016' or later.
node_modules/viem/node_modules/ox/core/Solidity.ts(97,33): error TS2737: BigInt literals are not available when targeting lower than ES2020.
node_modules/viem/node_modules/ox/core/Solidity.ts(97,40): error TS2737: BigInt literals are not available when targeting lower than ES2020.
node_modules/viem/node_modules/ox/core/Solidity.ts(98,27): error TS2737: BigInt literals are not available when targeting lower than ES2020.
node_modules/viem/node_modules/ox/core/Solidity.ts(98,27): error TS2791: Exponentiation cannot be performed on 'bigint' values unless the 'target' option is set to 'es2016' or later.
node_modules/viem/node_modules/ox/core/Solidity.ts(98,33): error TS2737: BigInt literals are not available when targeting lower than ES2020.
node_modules/viem/node_modules/ox/core/Solidity.ts(98,40): error TS2737: BigInt literals are not available when targeting lower than ES2020.
node_modules/viem/node_modules/ox/core/Solidity.ts(99,27): error TS2737: BigInt literals are not available when targeting lower than ES2020.
node_modules/viem/node_modules/ox/core/Solidity.ts(99,27): error TS2791: Exponentiation cannot be performed on 'bigint' values unless the 'target' option is set to 'es2016' or later.
node_modules/viem/node_modules/ox/core/Solidity.ts(99,33): error TS2737: BigInt literals are not available when targeting lower than ES2020.
node_modules/viem/node_modules/ox/core/Solidity.ts(99,40): error TS2737: BigInt literals are not available when targeting lower than ES2020.
node_modules/viem/node_modules/ox/core/Solidity.ts(100,27): error TS2737: BigInt literals are not available when targeting lower than ES2020.
node_modules/viem/node_modules/ox/core/Solidity.ts(100,27): error TS2791: Exponentiation cannot be performed on 'bigint' values unless the 'target' option is set to 'es2016' or later.
node_modules/viem/node_modules/ox/core/Solidity.ts(100,33): error TS2737: BigInt literals are not available when targeting lower than ES2020.
node_modules/viem/node_modules/ox/core/Solidity.ts(100,40): error TS2737: BigInt literals are not available when targeting lower than ES2020.
node_modules/viem/node_modules/ox/core/Solidity.ts(101,27): error TS2737: BigInt literals are not available when targeting lower than ES2020.
node_modules/viem/node_modules/ox/core/Solidity.ts(101,27): error TS2791: Exponentiation cannot be performed on 'bigint' values unless the 'target' option is set to 'es2016' or later.
node_modules/viem/node_modules/ox/core/Solidity.ts(101,33): error TS2737: BigInt literals are not available when targeting lower than ES2020.
node_modules/viem/node_modules/ox/core/Solidity.ts(101,40): error TS2737: BigInt literals are not available when targeting lower than ES2020.
node_modules/viem/node_modules/ox/core/Solidity.ts(102,27): error TS2737: BigInt literals are not available when targeting lower than ES2020.
node_modules/viem/node_modules/ox/core/Solidity.ts(102,27): error TS2791: Exponentiation cannot be performed on 'bigint' values unless the 'target' option is set to 'es2016' or later.
node_modules/viem/node_modules/ox/core/Solidity.ts(102,33): error TS2737: BigInt literals are not available when targeting lower than ES2020.
node_modules/viem/node_modules/ox/core/Solidity.ts(102,40): error TS2737: BigInt literals are not available when targeting lower than ES2020.
node_modules/viem/node_modules/ox/core/Solidity.ts(103,27): error TS2737: BigInt literals are not available when targeting lower than ES2020.
node_modules/viem/node_modules/ox/core/Solidity.ts(103,27): error TS2791: Exponentiation cannot be performed on 'bigint' values unless the 'target' option is set to 'es2016' or later.
node_modules/viem/node_modules/ox/core/Solidity.ts(103,33): error TS2737: BigInt literals are not available when targeting lower than ES2020.
node_modules/viem/node_modules/ox/core/Solidity.ts(103,40): error TS2737: BigInt literals are not available when targeting lower than ES2020.
node_modules/viem/node_modules/ox/core/Solidity.ts(104,27): error TS2737: BigInt literals are not available when targeting lower than ES2020.
node_modules/viem/node_modules/ox/core/Solidity.ts(104,27): error TS2791: Exponentiation cannot be performed on 'bigint' values unless the 'target' option is set to 'es2016' or later.
node_modules/viem/node_modules/ox/core/Solidity.ts(104,33): error TS2737: BigInt literals are not available when targeting lower than ES2020.
node_modules/viem/node_modules/ox/core/Solidity.ts(104,40): error TS2737: BigInt literals are not available when targeting lower than ES2020.
node_modules/viem/node_modules/ox/core/Solidity.ts(105,27): error TS2737: BigInt literals are not available when targeting lower than ES2020.
node_modules/viem/node_modules/ox/core/Solidity.ts(105,27): error TS2791: Exponentiation cannot be performed on 'bigint' values unless the 'target' option is set to 'es2016' or later.
node_modules/viem/node_modules/ox/core/Solidity.ts(105,33): error TS2737: BigInt literals are not available when targeting lower than ES2020.
node_modules/viem/node_modules/ox/core/Solidity.ts(105,40): error TS2737: BigInt literals are not available when targeting lower than ES2020.
node_modules/viem/node_modules/ox/core/Solidity.ts(106,27): error TS2737: BigInt literals are not available when targeting lower than ES2020.
node_modules/viem/node_modules/ox/core/Solidity.ts(106,27): error TS2791: Exponentiation cannot be performed on 'bigint' values unless the 'target' option is set to 'es2016' or later.
node_modules/viem/node_modules/ox/core/Solidity.ts(106,33): error TS2737: BigInt literals are not available when targeting lower than ES2020.
node_modules/viem/node_modules/ox/core/Solidity.ts(106,40): error TS2737: BigInt literals are not available when targeting lower than ES2020.
node_modules/viem/node_modules/ox/core/Solidity.ts(107,27): error TS2737: BigInt literals are not available when targeting lower than ES2020.
node_modules/viem/node_modules/ox/core/Solidity.ts(107,27): error TS2791: Exponentiation cannot be performed on 'bigint' values unless the 'target' option is set to 'es2016' or later.
node_modules/viem/node_modules/ox/core/Solidity.ts(107,33): error TS2737: BigInt literals are not available when targeting lower than ES2020.
node_modules/viem/node_modules/ox/core/Solidity.ts(107,40): error TS2737: BigInt literals are not available when targeting lower than ES2020.
node_modules/viem/node_modules/ox/core/Solidity.ts(108,27): error TS2737: BigInt literals are not available when targeting lower than ES2020.
node_modules/viem/node_modules/ox/core/Solidity.ts(108,27): error TS2791: Exponentiation cannot be performed on 'bigint' values unless the 'target' option is set to 'es2016' or later.
node_modules/viem/node_modules/ox/core/Solidity.ts(108,33): error TS2737: BigInt literals are not available when targeting lower than ES2020.
node_modules/viem/node_modules/ox/core/Solidity.ts(108,40): error TS2737: BigInt literals are not available when targeting lower than ES2020.
node_modules/viem/node_modules/ox/core/Solidity.ts(109,27): error TS2737: BigInt literals are not available when targeting lower than ES2020.
node_modules/viem/node_modules/ox/core/Solidity.ts(109,27): error TS2791: Exponentiation cannot be performed on 'bigint' values unless the 'target' option is set to 'es2016' or later.
node_modules/viem/node_modules/ox/core/Solidity.ts(109,33): error TS2737: BigInt literals are not available when targeting lower than ES2020.
node_modules/viem/node_modules/ox/core/Solidity.ts(109,40): error TS2737: BigInt literals are not available when targeting lower than ES2020.
node_modules/viem/node_modules/ox/core/Value.ts(128,38): error TS2737: BigInt literals are not available when targeting lower than ES2020.
node_modules/viem/node_modules/ox/core/Value.ts(144,38): error TS2737: BigInt literals are not available when targeting lower than ES2020.
node_modules/viem/node_modules/ox/core/WebAuthnP256.ts(602,10): error TS2802: Type 'Uint8Array<ArrayBuffer>' can only be iterated through when using the '--downlevelIteration' flag or with a '--target' of 'es2015' or higher.
node_modules/viem/node_modules/ox/tempo/AuthorizationTempo.ts(411,29): error TS2737: BigInt literals are not available when targeting lower than ES2020.
node_modules/viem/node_modules/ox/tempo/KeyAuthorization.ts(320,33): error TS2737: BigInt literals are not available when targeting lower than ES2020.
node_modules/viem/node_modules/ox/tempo/KeyAuthorization.ts(533,15): error TS2737: BigInt literals are not available when targeting lower than ES2020.
node_modules/viem/node_modules/ox/tempo/KeyAuthorization.ts(541,26): error TS2737: BigInt literals are not available when targeting lower than ES2020.
node_modules/viem/node_modules/ox/tempo/KeyAuthorization.ts(590,30): error TS2737: BigInt literals are not available when targeting lower than ES2020.
node_modules/viem/node_modules/ox/tempo/KeyAuthorization.ts(607,17): error TS2737: BigInt literals are not available when targeting lower than ES2020.
node_modules/viem/node_modules/ox/tempo/SignatureEnvelope.ts(549,44): error TS2339: Property 'prehash' does not exist on type 'Secp256k1Flat<bigint, number> | UnionPartialBy<SignatureEnvelope<bigint, number>, "type" | "prehash">'.
  Property 'prehash' does not exist on type 'Secp256k1Flat<bigint, number>'.
node_modules/viem/node_modules/ox/tempo/TxEnvelopeTempo.ts(199,46): error TS2737: BigInt literals are not available when targeting lower than ES2020.
node_modules/viem/node_modules/ox/tempo/TxEnvelopeTempo.ts(199,46): error TS2791: Exponentiation cannot be performed on 'bigint' values unless the 'target' option is set to 'es2016' or later.
node_modules/viem/node_modules/ox/tempo/TxEnvelopeTempo.ts(199,52): error TS2737: BigInt literals are not available when targeting lower than ES2020.
node_modules/viem/node_modules/ox/tempo/TxEnvelopeTempo.ts(199,59): error TS2737: BigInt literals are not available when targeting lower than ES2020.
node_modules/viem/node_modules/ox/tempo/TxEnvelopeTempo.ts(311,42): error TS2737: BigInt literals are not available when targeting lower than ES2020.
node_modules/viem/node_modules/ox/tempo/TxEnvelopeTempo.ts(317,48): error TS2737: BigInt literals are not available when targeting lower than ES2020.
src/lib/smart-wallet.ts(4,3): error TS2305: Module '"viem/account-abstraction"' has no exported member 'createSmartAccountClient'.
src/lib/smart-wallet.ts(54,5): error TS2322: Type '{ account: { address: undefined; type: "json-rpc"; }; batch?: { multicall?: boolean | { batchSize?: number; deployless?: boolean; wait?: number; }; }; cacheTime: number; ccipRead?: false | { request?: (parameters: CcipRequestParameters) => Promise<...>; }; ... 68 more ...; extend: <const client extends { ...; } & Ex...' is not assignable to type 'never'.
  The intersection 'Client<Transport, Chain, { address: `0x${string}`; nonceManager?: NonceManager; sign?: (parameters: { hash: `0x${string}`; }) => Promise<`0x${string}`>; signAuthorization?: (parameters: AuthorizationRequest) => Promise<...>; ... 5 more ...; type: "local"; } | JsonRpcAccount>' was reduced to 'never' because property 'cacheTime' has conflicting types in some constituents.
